  mass   360        4.034970E+06        2.008724E+03        11208.250912
     0   152        2.143877E+05        4.630202E+02         1410.445418
     1   152        8.723882E+03        9.340172E+01           57.393961
     2   152        3.516293E+03        5.929834E+01           23.133507
     3   152        2.265459E+01        4.759684E+00            0.149043
     4   152        3.432712E+00        1.852758E+00            0.022584
   reg     0        0.000000E+00        0.000000E+00                 NaN
   total  1121        4.261624E+06        2.064370E+03         3801.627381
   kin   608        1.226626E+04        1.107532E+02           20.174774
