  mass   360        4.028838E+06        2.007197E+03        11191.217673
     0   152        2.122072E+05        4.606596E+02         1396.100255
     1   152        8.460658E+01        9.198183E+00            0.556622
     2   152        3.645889E+03        6.038119E+01           23.986109
     3   152        2.238418E+01        4.731192E+00            0.147264
     4   152        3.409448E+00        1.846469E+00            0.022431
   reg     0        0.000000E+00        0.000000E+00                 NaN
   total  1121        4.244802E+06        2.060292E+03         3786.620776
   kin   608        3.756289E+03        6.128857E+01            6.178106
