  mass   360        4.019060E+06        2.004759E+03        11164.055377
     0   152        2.158086E+05        4.645521E+02         1419.793579
     1   152        1.222082E+03        3.495829E+01            8.040012
     2   152        3.482476E+03        5.901251E+01           22.911029
     3   152        2.256888E+01        4.750672E+00            0.148480
     4   152        3.336336E+00        1.826564E+00            0.021950
   reg     0        0.000000E+00        0.000000E+00                 NaN
   total  1121        4.239599E+06        2.059029E+03         3781.979503
   kin   608        4.730464E+03        6.877837E+01            7.780368
