  mass   360        4.026610E+06        2.006641E+03        11185.026769
     0   152        2.156242E+05        4.643535E+02         1418.580286
     1   152        9.108210E+01        9.543694E+00            0.599224
     2   152        3.573701E+03        5.978044E+01           23.511192
     3   152        2.259131E+01        4.753031E+00            0.148627
     4   152        3.446496E+00        1.856474E+00            0.022674
   reg     0        0.000000E+00        0.000000E+00                 NaN
   total  1121        4.245925E+06        2.060564E+03         3787.622356
   kin   608        3.690821E+03        6.075213E+01            6.070429
