  mass   360        4.018780E+06        2.004689E+03        11163.277605
     0   152        2.131951E+05        4.617306E+02         1402.599516
     1   152        5.459593E+02        2.336577E+01            3.591838
     2   152        3.297892E+03        5.742728E+01           21.696658
     3   152        2.265703E+01        4.759940E+00            0.149059
     4   152        3.612154E+00        1.900567E+00            0.023764
   reg     0        0.000000E+00        0.000000E+00                 NaN
   total  1121        4.235845E+06        2.058117E+03         3778.630852
   kin   608        3.870120E+03        6.221029E+01            6.365330
